App.tsx(29,11): error TS2322: Type 'UseMutateAsyncFunction<string, Error, Omit<Car, "id">, unknown>' is not assignable to type '(car: Omit<Car, "id">) => Promise<void>'.
  Type 'Promise<string>' is not assignable to type 'Promise<void>'.
    Type 'string' is not assignable to type 'void'.
components/AdminLogin.tsx(31,29): error TS2345: Argument of type '{ uid: string; email: string; role: string; displayName: string; isGhost: boolean; }' is not assignable to parameter of type 'User'.
  Types of property 'role' are incompatible.
    Type 'string' is not assignable to type 'UserRole | undefined'.
components/AdminLogin.tsx(72,29): error TS2345: Argument of type '{ uid: string; email: string | null; displayName: string | null; photoURL: string | null; role: string; }' is not assignable to parameter of type 'User'.
  Types of property 'role' are incompatible.
    Type 'string' is not assignable to type 'UserRole | undefined'.
components/AdminLogin.tsx(111,33): error TS2345: Argument of type '{ email: any; role: "admin"; }' is not assignable to parameter of type 'User'.
  Property 'uid' is missing in type '{ email: any; role: "admin"; }' but required in type 'User'.
components/AdminLogin.tsx(147,29): error TS2345: Argument of type '{ email: any; role: "admin"; }' is not assignable to parameter of type 'User'.
  Property 'uid' is missing in type '{ email: any; role: "admin"; }' but required in type 'User'.
components/AdminPanel.tsx(128,29): error TS2345: Argument of type 'Dispatch<SetStateAction<Subscriber[]>>' is not assignable to parameter of type '(value: Record<string, unknown>[]) => void | PromiseLike<void>'.
  Types of parameters 'value' and 'value' are incompatible.
    Type 'Record<string, unknown>[]' is not assignable to type 'SetStateAction<Subscriber[]>'.
      Type 'Record<string, unknown>[]' is not assignable to type 'Subscriber[]'.
        Property 'email' is missing in type 'Record<string, unknown>' but required in type 'Subscriber'.
components/AnimatedRoutes.tsx(13,53): error TS2322: Type 'Promise<typeof import("/Users/richardmendez/richard-automotive-_-command-center/components/AdminPanel")>' is not assignable to type 'Promise<{ default: ComponentType<unknown>; }>'.
  Type 'typeof import("/Users/richardmendez/richard-automotive-_-command-center/components/AdminPanel")' is not assignable to type '{ default: ComponentType<unknown>; }'.
    Types of property 'default' are incompatible.
      Type 'FC<Props>' is not assignable to type 'ComponentType<unknown>'.
        Type 'FunctionComponent<Props>' is not assignable to type 'FunctionComponent<unknown>'.
          Types of parameters 'props' and 'props' are incompatible.
            Type 'unknown' is not assignable to type 'Props'.
components/AnimatedRoutes.tsx(15,55): error TS2322: Type 'Promise<typeof import("/Users/richardmendez/richard-automotive-_-command-center/components/AIConsultant")>' is not assignable to type 'Promise<{ default: ComponentType<unknown>; }>'.
  Type 'typeof import("/Users/richardmendez/richard-automotive-_-command-center/components/AIConsultant")' is not assignable to type '{ default: ComponentType<unknown>; }'.
    Types of property 'default' are incompatible.
      Type 'FC<Props>' is not assignable to type 'ComponentType<unknown>'.
        Type 'FunctionComponent<Props>' is not assignable to type 'FunctionComponent<unknown>'.
          Types of parameters 'props' and 'props' are incompatible.
            Type 'unknown' is not assignable to type 'Props'.
components/AnimatedRoutes.tsx(16,52): error TS2322: Type 'Promise<typeof import("/Users/richardmendez/richard-automotive-_-command-center/components/AILabView")>' is not assignable to type 'Promise<{ default: ComponentType<unknown>; }>'.
  Type 'typeof import("/Users/richardmendez/richard-automotive-_-command-center/components/AILabView")' is not assignable to type '{ default: ComponentType<unknown>; }'.
    Types of property 'default' are incompatible.
      Type 'FC<{}>' is not assignable to type 'ComponentType<unknown>'.
        Type 'FunctionComponent<{}>' is not assignable to type 'FunctionComponent<unknown>'.
          Types of parameters 'props' and 'props' are incompatible.
            Type 'unknown' is not assignable to type '{}'.
components/AnimatedRoutes.tsx(17,52): error TS2322: Type 'Promise<typeof import("/Users/richardmendez/richard-automotive-_-command-center/components/UserLogin")>' is not assignable to type 'Promise<{ default: ComponentType<unknown>; }>'.
  Type 'typeof import("/Users/richardmendez/richard-automotive-_-command-center/components/UserLogin")' is not assignable to type '{ default: ComponentType<unknown>; }'.
    Types of property 'default' are incompatible.
      Type 'FC<{}>' is not assignable to type 'ComponentType<unknown>'.
        Type 'FunctionComponent<{}>' is not assignable to type 'FunctionComponent<unknown>'.
          Types of parameters 'props' and 'props' are incompatible.
            Type 'unknown' is not assignable to type '{}'.
components/AnimatedRoutes.tsx(18,56): error TS2322: Type 'Promise<typeof import("/Users/richardmendez/richard-automotive-_-command-center/components/VehicleDetail")>' is not assignable to type 'Promise<{ default: ComponentType<unknown>; }>'.
  Type 'typeof import("/Users/richardmendez/richard-automotive-_-command-center/components/VehicleDetail")' is not assignable to type '{ default: ComponentType<unknown>; }'.
    Types of property 'default' are incompatible.
      Type 'FC<Props>' is not assignable to type 'ComponentType<unknown>'.
        Type 'FunctionComponent<Props>' is not assignable to type 'FunctionComponent<unknown>'.
          Types of parameters 'props' and 'props' are incompatible.
            Type 'unknown' is not assignable to type 'Props'.
components/AnimatedRoutes.tsx(19,54): error TS2322: Type 'Promise<typeof import("/Users/richardmendez/richard-automotive-_-command-center/components/TradeInView")>' is not assignable to type 'Promise<{ default: ComponentType<unknown>; }>'.
  Type 'typeof import("/Users/richardmendez/richard-automotive-_-command-center/components/TradeInView")' is not assignable to type '{ default: ComponentType<unknown>; }'.
    Types of property 'default' are incompatible.
      Type 'FC<{}>' is not assignable to type 'ComponentType<unknown>'.
        Type 'FunctionComponent<{}>' is not assignable to type 'FunctionComponent<unknown>'.
          Types of parameters 'props' and 'props' are incompatible.
            Type 'unknown' is not assignable to type '{}'.
components/AnimatedRoutes.tsx(20,56): error TS2322: Type 'Promise<typeof import("/Users/richardmendez/richard-automotive-_-command-center/components/AppraisalView")>' is not assignable to type 'Promise<{ default: ComponentType<unknown>; }>'.
  Type 'typeof import("/Users/richardmendez/richard-automotive-_-command-center/components/AppraisalView")' is not assignable to type '{ default: ComponentType<unknown>; }'.
    Types of property 'default' are incompatible.
      Type 'FC<{}>' is not assignable to type 'ComponentType<unknown>'.
        Type 'FunctionComponent<{}>' is not assignable to type 'FunctionComponent<unknown>'.
          Types of parameters 'props' and 'props' are incompatible.
            Type 'unknown' is not assignable to type '{}'.
components/AnimatedRoutes.tsx(21,57): error TS2322: Type 'Promise<typeof import("/Users/richardmendez/richard-automotive-_-command-center/components/ComparisonView")>' is not assignable to type 'Promise<{ default: ComponentType<unknown>; }>'.
  Type 'typeof import("/Users/richardmendez/richard-automotive-_-command-center/components/ComparisonView")' is not assignable to type '{ default: ComponentType<unknown>; }'.
    Types of property 'default' are incompatible.
      Type 'FC<{}>' is not assignable to type 'ComponentType<unknown>'.
        Type 'FunctionComponent<{}>' is not assignable to type 'FunctionComponent<unknown>'.
          Types of parameters 'props' and 'props' are incompatible.
            Type 'unknown' is not assignable to type '{}'.
components/AnimatedRoutes.tsx(22,53): error TS2322: Type 'Promise<typeof import("/Users/richardmendez/richard-automotive-_-command-center/components/AdminLogin")>' is not assignable to type 'Promise<{ default: ComponentType<unknown>; }>'.
  Type 'typeof import("/Users/richardmendez/richard-automotive-_-command-center/components/AdminLogin")' is not assignable to type '{ default: ComponentType<unknown>; }'.
    Types of property 'default' are incompatible.
      Type 'FC<{}>' is not assignable to type 'ComponentType<unknown>'.
        Type 'FunctionComponent<{}>' is not assignable to type 'FunctionComponent<unknown>'.
          Types of parameters 'props' and 'props' are incompatible.
            Type 'unknown' is not assignable to type '{}'.
components/AnimatedRoutes.tsx(23,51): error TS2322: Type 'Promise<typeof import("/Users/richardmendez/richard-automotive-_-command-center/components/BlogView")>' is not assignable to type 'Promise<{ default: ComponentType<unknown>; }>'.
  Type 'typeof import("/Users/richardmendez/richard-automotive-_-command-center/components/BlogView")' is not assignable to type '{ default: ComponentType<unknown>; }'.
    Types of property 'default' are incompatible.
      Type 'FC<{}>' is not assignable to type 'ComponentType<unknown>'.
        Type 'FunctionComponent<{}>' is not assignable to type 'FunctionComponent<unknown>'.
          Types of parameters 'props' and 'props' are incompatible.
            Type 'unknown' is not assignable to type '{}'.
components/AnimatedRoutes.tsx(24,54): error TS2322: Type 'Promise<typeof import("/Users/richardmendez/richard-automotive-_-command-center/components/UserProfile")>' is not assignable to type 'Promise<{ default: ComponentType<unknown>; }>'.
  Type 'typeof import("/Users/richardmendez/richard-automotive-_-command-center/components/UserProfile")' is not assignable to type '{ default: ComponentType<unknown>; }'.
    Types of property 'default' are incompatible.
      Type 'FC<{}>' is not assignable to type 'ComponentType<unknown>'.
        Type 'FunctionComponent<{}>' is not assignable to type 'FunctionComponent<unknown>'.
          Types of parameters 'props' and 'props' are incompatible.
            Type 'unknown' is not assignable to type '{}'.
components/AnimatedRoutes.tsx(25,56): error TS2322: Type 'Promise<typeof import("/Users/richardmendez/richard-automotive-_-command-center/components/DigitalGarage")>' is not assignable to type 'Promise<{ default: ComponentType<unknown>; }>'.
  Type 'typeof import("/Users/richardmendez/richard-automotive-_-command-center/components/DigitalGarage")' is not assignable to type '{ default: ComponentType<unknown>; }'.
    Types of property 'default' are incompatible.
      Type 'FC<Props>' is not assignable to type 'ComponentType<unknown>'.
        Type 'FunctionComponent<Props>' is not assignable to type 'FunctionComponent<unknown>'.
          Types of parameters 'props' and 'props' are incompatible.
            Type 'unknown' is not assignable to type 'Props'.
components/AnimatedRoutes.tsx(26,57): error TS2322: Type 'Promise<typeof import("/Users/richardmendez/richard-automotive-_-command-center/components/PreQualifyView")>' is not assignable to type 'Promise<{ default: ComponentType<unknown>; }>'.
  Type 'typeof import("/Users/richardmendez/richard-automotive-_-command-center/components/PreQualifyView")' is not assignable to type '{ default: ComponentType<unknown>; }'.
    Types of property 'default' are incompatible.
      Type 'FC<Props>' is not assignable to type 'ComponentType<unknown>'.
        Type 'FunctionComponent<Props>' is not assignable to type 'FunctionComponent<unknown>'.
          Types of parameters 'props' and 'props' are incompatible.
            Type 'unknown' is not assignable to type 'Props'.
components/AnimatedRoutes.tsx(27,54): error TS2322: Type 'Promise<typeof import("/Users/richardmendez/richard-automotive-_-command-center/components/PrivacyView")>' is not assignable to type 'Promise<{ default: ComponentType<unknown>; }>'.
  Type 'typeof import("/Users/richardmendez/richard-automotive-_-command-center/components/PrivacyView")' is not assignable to type '{ default: ComponentType<unknown>; }'.
    Types of property 'default' are incompatible.
      Type 'FC<{}>' is not assignable to type 'ComponentType<unknown>'.
        Type 'FunctionComponent<{}>' is not assignable to type 'FunctionComponent<unknown>'.
          Types of parameters 'props' and 'props' are incompatible.
            Type 'unknown' is not assignable to type '{}'.
components/AnimatedRoutes.tsx(28,52): error TS2322: Type 'Promise<typeof import("/Users/richardmendez/richard-automotive-_-command-center/components/TermsView")>' is not assignable to type 'Promise<{ default: ComponentType<unknown>; }>'.
  Type 'typeof import("/Users/richardmendez/richard-automotive-_-command-center/components/TermsView")' is not assignable to type '{ default: ComponentType<unknown>; }'.
    Types of property 'default' are incompatible.
      Type 'FC<{}>' is not assignable to type 'ComponentType<unknown>'.
        Type 'FunctionComponent<{}>' is not assignable to type 'FunctionComponent<unknown>'.
          Types of parameters 'props' and 'props' are incompatible.
            Type 'unknown' is not assignable to type '{}'.
components/AnimatedRoutes.tsx(29,51): error TS2322: Type 'Promise<typeof import("/Users/richardmendez/richard-automotive-_-command-center/components/NotFound")>' is not assignable to type 'Promise<{ default: ComponentType<unknown>; }>'.
  Type 'typeof import("/Users/richardmendez/richard-automotive-_-command-center/components/NotFound")' is not assignable to type '{ default: ComponentType<unknown>; }'.
    Types of property 'default' are incompatible.
      Type 'FC<{}>' is not assignable to type 'ComponentType<unknown>'.
        Type 'FunctionComponent<{}>' is not assignable to type 'FunctionComponent<unknown>'.
          Types of parameters 'props' and 'props' are incompatible.
            Type 'unknown' is not assignable to type '{}'.
components/AnimatedRoutes.tsx(30,61): error TS2322: Type 'Promise<typeof import("/Users/richardmendez/richard-automotive-_-command-center/components/FrameworkDashboard")>' is not assignable to type 'Promise<{ default: ComponentType<unknown>; }>'.
  Type 'typeof import("/Users/richardmendez/richard-automotive-_-command-center/components/FrameworkDashboard")' is not assignable to type '{ default: ComponentType<unknown>; }'.
    Types of property 'default' are incompatible.
      Type 'FC<{}>' is not assignable to type 'ComponentType<unknown>'.
        Type 'FunctionComponent<{}>' is not assignable to type 'FunctionComponent<unknown>'.
          Types of parameters 'props' and 'props' are incompatible.
            Type 'unknown' is not assignable to type '{}'.
components/AnimatedRoutes.tsx(31,53): error TS2322: Type 'Promise<typeof import("/Users/richardmendez/richard-automotive-_-command-center/components/KanbanDemo")>' is not assignable to type 'Promise<{ default: ComponentType<unknown>; }>'.
  Type 'typeof import("/Users/richardmendez/richard-automotive-_-command-center/components/KanbanDemo")' is not assignable to type '{ default: ComponentType<unknown>; }'.
    Types of property 'default' are incompatible.
      Type 'FC<{}>' is not assignable to type 'ComponentType<unknown>'.
        Type 'FunctionComponent<{}>' is not assignable to type 'FunctionComponent<unknown>'.
          Types of parameters 'props' and 'props' are incompatible.
            Type 'unknown' is not assignable to type '{}'.
components/AnimatedRoutes.tsx(169,85): error TS2322: Type '{ inventory: Car[]; }' is not assignable to type 'IntrinsicAttributes'.
  Property 'inventory' does not exist on type 'IntrinsicAttributes'.
components/AnimatedRoutes.tsx(173,91): error TS2322: Type '{ inventory: Car[]; onExit: () => void | Promise<void>; }' is not assignable to type 'IntrinsicAttributes'.
  Property 'inventory' does not exist on type 'IntrinsicAttributes'.
components/AnimatedRoutes.tsx(174,82): error TS2322: Type '{ onExit: () => void | Promise<void>; }' is not assignable to type 'IntrinsicAttributes'.
  Property 'onExit' does not exist on type 'IntrinsicAttributes'.
components/AnimatedRoutes.tsx(177,83): error TS2322: Type '{ inventory: Car[]; }' is not assignable to type 'IntrinsicAttributes'.
  Property 'inventory' does not exist on type 'IntrinsicAttributes'.
components/AnimatedRoutes.tsx(183,88): error TS2322: Type '{ inventory: Car[]; onUpdate: (car: Car) => Promise<void>; onAdd: (car: Omit<Car, "id">) => Promise<void>; onDelete: (id: string) => void; onInitializeDb: () => Promise<...>; }' is not assignable to type 'IntrinsicAttributes'.
  Property 'inventory' does not exist on type 'IntrinsicAttributes'.
components/AppraisalView.tsx(409,45): error TS2559: Type '{ year: string; make: string; model: string; mileage: string; condition: string; vin: string; }' has no properties in common with type '{ id?: string | undefined; name?: string | undefined; }'.
components/DigitalTwin/AvatarScene.tsx(93,36): error TS2339: Property 'modelUrl' does not exist on type 'SceneProps'.
components/DigitalTwin/AvatarScene.tsx(186,64): error TS2339: Property 'modelUrl' does not exist on type 'SceneProps'.
components/DigitalTwin/AvatarScene.tsx(200,68): error TS2322: Type '{ faceRig: any; aiState: { isSpeaking: boolean; volume: number; } | undefined; modelUrl: any; }' is not assignable to type 'IntrinsicAttributes & SceneProps'.
  Property 'modelUrl' does not exist on type 'IntrinsicAttributes & SceneProps'.
components/DigitalTwin/DigitalTwinDashboard.tsx(66,53): error TS2448: Block-scoped variable 'aiState' used before its declaration.
components/DigitalTwin/DigitalTwinDashboard.tsx(66,53): error TS2454: Variable 'aiState' is used before being assigned.
components/DigitalTwin/DigitalTwinDashboard.tsx(66,62): error TS2322: Type '{ faceRig: any; aiState: { isSpeaking: boolean; volume: number; }; modelUrl: string | null; }' is not assignable to type 'IntrinsicAttributes & SceneProps'.
  Property 'modelUrl' does not exist on type 'IntrinsicAttributes & SceneProps'.
components/DigitalTwin/DigitalTwinDashboard.tsx(412,54): error TS2304: Cannot find name 'Upload'.
components/DigitalTwin/DigitalTwinDashboard.tsx(486,54): error TS2304: Cannot find name 'Film'.
components/DigitalTwin/DigitalTwinDashboard.tsx(528,74): error TS2322: Type '{ faceRig: any; aiState: { isSpeaking: boolean; volume: number; }; modelUrl: string | null; }' is not assignable to type 'IntrinsicAttributes & SceneProps'.
  Property 'modelUrl' does not exist on type 'IntrinsicAttributes & SceneProps'.
components/KanbanDemo.tsx(39,18): error TS2741: Property 'userRole' is missing in type '{ leads: Lead[]; onPrint: (lead: Lead) => void; }' but required in type 'KanbanBoardProps'.
components/UserLogin.tsx(40,35): error TS2345: Argument of type 'import("/Users/richardmendez/richard-automotive-_-command-center/node_modules/firebase/node_modules/@firebase/auth/dist/auth-public").User' is not assignable to parameter of type 'import("/Users/richardmendez/richard-automotive-_-command-center/types").User'.
  Index signature for type 'string' is missing in type 'User'.
components/UserLogin.tsx(66,33): error TS2345: Argument of type 'import("/Users/richardmendez/richard-automotive-_-command-center/node_modules/firebase/node_modules/@firebase/auth/dist/auth-public").User' is not assignable to parameter of type 'import("/Users/richardmendez/richard-automotive-_-command-center/types").User'.
  Index signature for type 'string' is missing in type 'User'.
components/UserLogin.tsx(89,29): error TS2345: Argument of type 'import("/Users/richardmendez/richard-automotive-_-command-center/node_modules/firebase/node_modules/@firebase/auth/dist/auth-public").User' is not assignable to parameter of type 'import("/Users/richardmendez/richard-automotive-_-command-center/types").User'.
  Index signature for type 'string' is missing in type 'User'.
components/UserLogin.tsx(111,31): error TS2345: Argument of type 'import("/Users/richardmendez/richard-automotive-_-command-center/node_modules/firebase/node_modules/@firebase/auth/dist/auth-public").User' is not assignable to parameter of type 'import("/Users/richardmendez/richard-automotive-_-command-center/types").User'.
  Index signature for type 'string' is missing in type 'User'.
components/UserProfile.tsx(2,10): error TS2305: Module '"../hooks/useAuthListener"' has no exported member 'useAuth'.
components/VideoView.tsx(98,58): error TS2554: Expected 1 arguments, but got 4.
components/VoiceAssistantView.tsx(80,60): error TS2554: Expected 0 arguments, but got 1.
components/VoiceOrb.tsx(11,42): error TS2339: Property 'onStatusChange' does not exist on type 'VoiceService'.
components/VoiceOrb.tsx(12,42): error TS2339: Property 'onResult' does not exist on type 'VoiceService'.
components/VoiceOrb.tsx(12,52): error TS7006: Parameter 'text' implicitly has an 'any' type.
components/VoiceOrb.tsx(12,58): error TS7006: Parameter 'isFinal' implicitly has an 'any' type.
hooks/useCopilotAgent.ts(116,18): error TS2678: Type '"assistant.message_done"' is not comparable to type '"assistant.message" | "session.start" | "session.resume" | "session.error" | "session.idle" | "session.info" | "session.model_change" | "session.handoff" | "session.truncation" | ... 25 more ... | "system.message"'.
hooks/useCopilotAgent.ts(125,18): error TS2678: Type '"tool.call"' is not comparable to type '"assistant.message" | "session.start" | "session.resume" | "session.error" | "session.idle" | "session.info" | "session.model_change" | "session.handoff" | "session.truncation" | ... 25 more ... | "system.message"'.
hooks/useCopilotAgent.ts(126,41): error TS2339: Property 'data' does not exist on type 'never'.
hooks/useCopilotAgent.ts(129,18): error TS2678: Type '"tool.result"' is not comparable to type '"assistant.message" | "session.start" | "session.resume" | "session.error" | "session.idle" | "session.info" | "session.model_change" | "session.handoff" | "session.truncation" | ... 25 more ... | "system.message"'.
hooks/useCopilotAgent.ts(130,40): error TS2339: Property 'data' does not exist on type 'never'.
mcp-verify-github.ts(46,46): error TS2345: Argument of type 'string' is not assignable to parameter of type '{ name: string; _meta?: { [x: string]: unknown; progressToken?: string | number | undefined; "io.modelcontextprotocol/related-task"?: { taskId: string; } | undefined; } | undefined; task?: { ttl?: number | undefined; } | undefined; arguments?: { ...; } | undefined; }'.
performance.test.ts(13,45): error TS7016: Could not find a declaration file for module './components/vanilla/signals'. '/Users/richardmendez/richard-automotive-_-command-center/components/vanilla/signals.js' implicitly has an 'any' type.
services/authService.ts(127,22): error TS2769: No overload matches this call.
  The last overload gave the following error.
    Argument of type 'Analytics | null' is not assignable to parameter of type 'Analytics'.
      Type 'null' is not assignable to type 'Analytics'.
tools/deleteGhost.ts(31,80): error TS18046: 'e' is of type 'unknown'.
tools/promoteAdmin.ts(13,38): error TS7006: Parameter 'uid' implicitly has an 'any' type.
